// Jest Snapshot v1, https://goo.gl/fbAQLP

exports[`<CustomInput /> renders 1`] = `
<DocumentFragment>
  <div
    class="MuiFormControl-root css-1iw3t7y-MuiFormControl-root"
  >
    <label
      class="MuiFormLabel-root MuiInputLabel-root MuiInputLabel-formControl MuiInputLabel-animated MuiInputLabel-shrink MuiInputLabel-sizeMedium MuiInputLabel-standard MuiFormLabel-colorPrimary MuiFormLabel-filled MuiInputLabel-root MuiInputLabel-formControl MuiInputLabel-animated MuiInputLabel-shrink MuiInputLabel-sizeMedium MuiInputLabel-standard css-1m4d3n6-MuiFormLabel-root-MuiInputLabel-root"
      data-shrink="true"
      for="test"
    >
      label
    </label>
    <div
      class="MuiInputBase-root MuiInput-root MuiInput-underline MuiInputBase-colorPrimary MuiInputBase-formControl MuiInputBase-sizeSmall MuiInputBase-adornedEnd css-c9goa0-MuiInputBase-root-MuiInput-root"
    >
      <input
        aria-invalid="false"
        class="MuiInputBase-input MuiInput-input MuiInputBase-inputSizeSmall MuiInputBase-inputAdornedEnd css-1wd3yy0-MuiInputBase-input-MuiInput-input"
        id="test"
        type="text"
        value="test"
      />
      <div
        class="MuiInputAdornment-root MuiInputAdornment-positionEnd MuiInputAdornment-standard MuiInputAdornment-sizeMedium css-elo8k2-MuiInputAdornment-root"
      >
        <svg
          aria-hidden="true"
          class="MuiSvgIcon-root MuiSvgIcon-fontSizeMedium css-1umw9bq-MuiSvgIcon-root"
          data-testid="EditOutlinedIcon"
          focusable="false"
          viewBox="0 0 24 24"
        >
          <path
            d="m14.06 9.02.92.92L5.92 19H5v-.92zM17.66 3c-.25 0-.51.1-.7.29l-1.83 1.83 3.75 3.75 1.83-1.83c.39-.39.39-1.02 0-1.41l-2.34-2.34c-.2-.2-.45-.29-.71-.29m-3.6 3.19L3 17.25V21h3.75L17.81 9.94z"
          />
        </svg>
      </div>
    </div>
  </div>
</DocumentFragment>
`;
