// Jest Snapshot v1, https://goo.gl/fbAQLP

exports[`<SignUpForm /> renders 1`] = `
<DocumentFragment>
  <div
    class="MuiStack-root css-11uq7ez-MuiStack-root"
  >
    <h3
      class="formHeader"
    >
      <svg
        aria-hidden="true"
        class="MuiSvgIcon-root MuiSvgIcon-fontSizeSmall css-120dh41-MuiSvgIcon-root"
        data-testid="BadgeIcon"
        focusable="false"
        viewBox="0 0 24 24"
      >
        <path
          d="M20 7h-5V4c0-1.1-.9-2-2-2h-2c-1.1 0-2 .9-2 2v3H4c-1.1 0-2 .9-2 2v11c0 1.1.9 2 2 2h16c1.1 0 2-.9 2-2V9c0-1.1-.9-2-2-2M9 12c.83 0 1.5.67 1.5 1.5S9.83 15 9 15s-1.5-.67-1.5-1.5S8.17 12 9 12m3 6H6v-.75c0-1 2-1.5 3-1.5s3 .5 3 1.5zm1-9h-2V4h2zm5 7.5h-4V15h4zm0-3h-4V12h4z"
        />
      </svg>
      Your information
    </h3>
    <hr
      class="MuiDivider-root MuiDivider-fullWidth css-1jpc804-MuiDivider-root"
    />
    <div
      class="MuiFormControl-root css-1iw3t7y-MuiFormControl-root"
    >
      <label
        class="MuiFormLabel-root MuiInputLabel-root MuiInputLabel-formControl MuiInputLabel-animated MuiInputLabel-sizeMedium MuiInputLabel-standard MuiFormLabel-colorPrimary MuiInputLabel-root MuiInputLabel-formControl MuiInputLabel-animated MuiInputLabel-sizeMedium MuiInputLabel-standard css-1dz6bil-MuiFormLabel-root-MuiInputLabel-root"
        data-shrink="false"
        for="full-name"
      >
        Full name
      </label>
      <div
        class="MuiInputBase-root MuiInput-root MuiInput-underline MuiInputBase-colorPrimary MuiInputBase-formControl MuiInputBase-sizeSmall MuiInputBase-adornedEnd css-c9goa0-MuiInputBase-root-MuiInput-root"
      >
        <input
          aria-invalid="false"
          class="MuiInputBase-input MuiInput-input MuiInputBase-inputSizeSmall MuiInputBase-inputAdornedEnd css-1wd3yy0-MuiInputBase-input-MuiInput-input"
          id="full-name"
          type="text"
          value=""
        />
        <div
          class="MuiInputAdornment-root MuiInputAdornment-positionEnd MuiInputAdornment-standard MuiInputAdornment-sizeMedium css-elo8k2-MuiInputAdornment-root"
        >
          <svg
            aria-hidden="true"
            class="MuiSvgIcon-root MuiSvgIcon-fontSizeMedium css-1umw9bq-MuiSvgIcon-root"
            data-testid="EditOutlinedIcon"
            focusable="false"
            viewBox="0 0 24 24"
          >
            <path
              d="m14.06 9.02.92.92L5.92 19H5v-.92zM17.66 3c-.25 0-.51.1-.7.29l-1.83 1.83 3.75 3.75 1.83-1.83c.39-.39.39-1.02 0-1.41l-2.34-2.34c-.2-.2-.45-.29-.71-.29m-3.6 3.19L3 17.25V21h3.75L17.81 9.94z"
            />
          </svg>
        </div>
      </div>
    </div>
    <div
      class="MuiFormControl-root css-1iw3t7y-MuiFormControl-root"
    >
      <label
        class="MuiFormLabel-root MuiInputLabel-root MuiInputLabel-formControl MuiInputLabel-animated MuiInputLabel-sizeMedium MuiInputLabel-standard MuiFormLabel-colorPrimary MuiInputLabel-root MuiInputLabel-formControl MuiInputLabel-animated MuiInputLabel-sizeMedium MuiInputLabel-standard css-1dz6bil-MuiFormLabel-root-MuiInputLabel-root"
        data-shrink="false"
        for="address"
      >
        Address
      </label>
      <div
        class="MuiInputBase-root MuiInput-root MuiInput-underline MuiInputBase-colorPrimary MuiInputBase-formControl MuiInputBase-sizeSmall MuiInputBase-adornedEnd css-c9goa0-MuiInputBase-root-MuiInput-root"
      >
        <input
          aria-invalid="false"
          class="MuiInputBase-input MuiInput-input MuiInputBase-inputSizeSmall MuiInputBase-inputAdornedEnd css-1wd3yy0-MuiInputBase-input-MuiInput-input"
          id="address"
          type="text"
          value=""
        />
        <div
          class="MuiInputAdornment-root MuiInputAdornment-positionEnd MuiInputAdornment-standard MuiInputAdornment-sizeMedium css-elo8k2-MuiInputAdornment-root"
        >
          <svg
            aria-hidden="true"
            class="MuiSvgIcon-root MuiSvgIcon-fontSizeMedium css-1umw9bq-MuiSvgIcon-root"
            data-testid="EditOutlinedIcon"
            focusable="false"
            viewBox="0 0 24 24"
          >
            <path
              d="m14.06 9.02.92.92L5.92 19H5v-.92zM17.66 3c-.25 0-.51.1-.7.29l-1.83 1.83 3.75 3.75 1.83-1.83c.39-.39.39-1.02 0-1.41l-2.34-2.34c-.2-.2-.45-.29-.71-.29m-3.6 3.19L3 17.25V21h3.75L17.81 9.94z"
            />
          </svg>
        </div>
      </div>
    </div>
    <div
      class="MuiStack-root css-94iksa-MuiStack-root"
    >
      <div
        class="MuiFormControl-root css-1iw3t7y-MuiFormControl-root"
      >
        <label
          class="MuiFormLabel-root MuiInputLabel-root MuiInputLabel-formControl MuiInputLabel-animated MuiInputLabel-sizeMedium MuiInputLabel-standard MuiFormLabel-colorPrimary MuiInputLabel-root MuiInputLabel-formControl MuiInputLabel-animated MuiInputLabel-sizeMedium MuiInputLabel-standard css-1dz6bil-MuiFormLabel-root-MuiInputLabel-root"
          data-shrink="false"
          for="city"
        >
          City
        </label>
        <div
          class="MuiInputBase-root MuiInput-root MuiInput-underline MuiInputBase-colorPrimary MuiInputBase-formControl MuiInputBase-sizeSmall MuiInputBase-adornedEnd css-c9goa0-MuiInputBase-root-MuiInput-root"
        >
          <input
            aria-invalid="false"
            class="MuiInputBase-input MuiInput-input MuiInputBase-inputSizeSmall MuiInputBase-inputAdornedEnd css-1wd3yy0-MuiInputBase-input-MuiInput-input"
            id="city"
            type="text"
            value=""
          />
          <div
            class="MuiInputAdornment-root MuiInputAdornment-positionEnd MuiInputAdornment-standard MuiInputAdornment-sizeMedium css-elo8k2-MuiInputAdornment-root"
          >
            <svg
              aria-hidden="true"
              class="MuiSvgIcon-root MuiSvgIcon-fontSizeMedium css-1umw9bq-MuiSvgIcon-root"
              data-testid="EditOutlinedIcon"
              focusable="false"
              viewBox="0 0 24 24"
            >
              <path
                d="m14.06 9.02.92.92L5.92 19H5v-.92zM17.66 3c-.25 0-.51.1-.7.29l-1.83 1.83 3.75 3.75 1.83-1.83c.39-.39.39-1.02 0-1.41l-2.34-2.34c-.2-.2-.45-.29-.71-.29m-3.6 3.19L3 17.25V21h3.75L17.81 9.94z"
              />
            </svg>
          </div>
        </div>
      </div>
      <div
        aria-orientation="vertical"
        class="MuiDivider-root MuiDivider-fullWidth MuiDivider-vertical MuiDivider-flexItem css-1160sub-MuiDivider-root"
        role="separator"
      />
      <div
        class="MuiFormControl-root css-1iw3t7y-MuiFormControl-root"
      >
        <label
          class="MuiFormLabel-root MuiInputLabel-root MuiInputLabel-formControl MuiInputLabel-animated MuiInputLabel-sizeMedium MuiInputLabel-standard MuiFormLabel-colorPrimary MuiInputLabel-root MuiInputLabel-formControl MuiInputLabel-animated MuiInputLabel-sizeMedium MuiInputLabel-standard css-1dz6bil-MuiFormLabel-root-MuiInputLabel-root"
          data-shrink="false"
          for="state"
        >
          State
        </label>
        <div
          class="MuiInputBase-root MuiInput-root MuiInput-underline MuiInputBase-colorPrimary MuiInputBase-formControl MuiInputBase-sizeSmall MuiInputBase-adornedEnd css-c9goa0-MuiInputBase-root-MuiInput-root"
        >
          <input
            aria-invalid="false"
            class="MuiInputBase-input MuiInput-input MuiInputBase-inputSizeSmall MuiInputBase-inputAdornedEnd css-1wd3yy0-MuiInputBase-input-MuiInput-input"
            id="state"
            type="text"
            value=""
          />
          <div
            class="MuiInputAdornment-root MuiInputAdornment-positionEnd MuiInputAdornment-standard MuiInputAdornment-sizeMedium css-elo8k2-MuiInputAdornment-root"
          >
            <svg
              aria-hidden="true"
              class="MuiSvgIcon-root MuiSvgIcon-fontSizeMedium css-1umw9bq-MuiSvgIcon-root"
              data-testid="EditOutlinedIcon"
              focusable="false"
              viewBox="0 0 24 24"
            >
              <path
                d="m14.06 9.02.92.92L5.92 19H5v-.92zM17.66 3c-.25 0-.51.1-.7.29l-1.83 1.83 3.75 3.75 1.83-1.83c.39-.39.39-1.02 0-1.41l-2.34-2.34c-.2-.2-.45-.29-.71-.29m-3.6 3.19L3 17.25V21h3.75L17.81 9.94z"
              />
            </svg>
          </div>
        </div>
      </div>
    </div>
    <div
      class="MuiFormControl-root css-1iw3t7y-MuiFormControl-root"
    >
      <label
        class="MuiFormLabel-root MuiInputLabel-root MuiInputLabel-formControl MuiInputLabel-animated MuiInputLabel-sizeMedium MuiInputLabel-standard MuiFormLabel-colorPrimary MuiInputLabel-root MuiInputLabel-formControl MuiInputLabel-animated MuiInputLabel-sizeMedium MuiInputLabel-standard css-1dz6bil-MuiFormLabel-root-MuiInputLabel-root"
        data-shrink="false"
        for="mobile-number"
      >
        Mobile number
      </label>
      <div
        class="MuiInputBase-root MuiInput-root MuiInput-underline MuiInputBase-colorPrimary MuiInputBase-formControl MuiInputBase-sizeSmall MuiInputBase-adornedEnd css-c9goa0-MuiInputBase-root-MuiInput-root"
      >
        <input
          aria-invalid="false"
          class="MuiInputBase-input MuiInput-input MuiInputBase-inputSizeSmall MuiInputBase-inputAdornedEnd css-1wd3yy0-MuiInputBase-input-MuiInput-input"
          id="mobile-number"
          placeholder="(000) 000-0000"
          type="tel"
          value=""
        />
        <div
          class="MuiInputAdornment-root MuiInputAdornment-positionEnd MuiInputAdornment-standard MuiInputAdornment-sizeMedium css-elo8k2-MuiInputAdornment-root"
        >
          <svg
            aria-hidden="true"
            class="MuiSvgIcon-root MuiSvgIcon-fontSizeMedium css-1umw9bq-MuiSvgIcon-root"
            data-testid="EditOutlinedIcon"
            focusable="false"
            viewBox="0 0 24 24"
          >
            <path
              d="m14.06 9.02.92.92L5.92 19H5v-.92zM17.66 3c-.25 0-.51.1-.7.29l-1.83 1.83 3.75 3.75 1.83-1.83c.39-.39.39-1.02 0-1.41l-2.34-2.34c-.2-.2-.45-.29-.71-.29m-3.6 3.19L3 17.25V21h3.75L17.81 9.94z"
            />
          </svg>
        </div>
      </div>
    </div>
    <div
      class="MuiFormControl-root css-1iw3t7y-MuiFormControl-root"
    >
      <label
        class="MuiFormLabel-root MuiInputLabel-root MuiInputLabel-formControl MuiInputLabel-animated MuiInputLabel-sizeMedium MuiInputLabel-standard MuiFormLabel-colorPrimary MuiInputLabel-root MuiInputLabel-formControl MuiInputLabel-animated MuiInputLabel-sizeMedium MuiInputLabel-standard css-1dz6bil-MuiFormLabel-root-MuiInputLabel-root"
        data-shrink="false"
        for="date-of-birth"
      >
        Date of birth
      </label>
      <div
        class="MuiInputBase-root MuiInput-root MuiInput-underline MuiInputBase-colorPrimary MuiInputBase-formControl MuiInputBase-sizeSmall MuiInputBase-adornedEnd css-c9goa0-MuiInputBase-root-MuiInput-root"
      >
        <input
          aria-invalid="false"
          class="MuiInputBase-input MuiInput-input MuiInputBase-inputSizeSmall MuiInputBase-inputAdornedEnd css-1wd3yy0-MuiInputBase-input-MuiInput-input"
          id="date-of-birth"
          placeholder="MM/DD/YYYY"
          type="text"
          value=""
        />
        <div
          class="MuiInputAdornment-root MuiInputAdornment-positionEnd MuiInputAdornment-standard MuiInputAdornment-sizeMedium css-elo8k2-MuiInputAdornment-root"
        >
          <svg
            aria-hidden="true"
            class="MuiSvgIcon-root MuiSvgIcon-fontSizeMedium css-1umw9bq-MuiSvgIcon-root"
            data-testid="EditOutlinedIcon"
            focusable="false"
            viewBox="0 0 24 24"
          >
            <path
              d="m14.06 9.02.92.92L5.92 19H5v-.92zM17.66 3c-.25 0-.51.1-.7.29l-1.83 1.83 3.75 3.75 1.83-1.83c.39-.39.39-1.02 0-1.41l-2.34-2.34c-.2-.2-.45-.29-.71-.29m-3.6 3.19L3 17.25V21h3.75L17.81 9.94z"
            />
          </svg>
        </div>
      </div>
    </div>
    <div
      class="MuiFormControl-root MuiTextField-root css-1d3ywcm-MuiFormControl-root-MuiTextField-root"
    >
      <label
        class="MuiFormLabel-root MuiInputLabel-root MuiInputLabel-formControl MuiInputLabel-animated MuiInputLabel-sizeSmall MuiInputLabel-standard MuiFormLabel-colorPrimary MuiInputLabel-root MuiInputLabel-formControl MuiInputLabel-animated MuiInputLabel-sizeSmall MuiInputLabel-standard css-mct4v7-MuiFormLabel-root-MuiInputLabel-root"
        data-shrink="false"
        for="gender"
        id="gender-label"
      >
        Gender
      </label>
      <div
        class="MuiInputBase-root MuiInput-root MuiInput-underline MuiInputBase-colorPrimary MuiInputBase-formControl MuiInputBase-sizeSmall MuiInputBase-adornedEnd css-4jarr4-MuiInputBase-root-MuiInput-root"
      >
        <div
          aria-controls=":r1:"
          aria-expanded="false"
          aria-haspopup="listbox"
          aria-labelledby="gender-label gender"
          class="MuiSelect-select MuiSelect-standard MuiInputBase-input MuiInput-input MuiInputBase-inputSizeSmall MuiInputBase-inputAdornedEnd css-w4dpiq-MuiSelect-select-MuiInputBase-input-MuiInput-input"
          id="gender"
          role="combobox"
          tabindex="0"
        >
          <span
            class="notranslate"
          >
            ​
          </span>
        </div>
        <input
          aria-hidden="true"
          aria-invalid="false"
          class="MuiSelect-nativeInput css-j0riat-MuiSelect-nativeInput"
          tabindex="-1"
          value=""
        />
        <div
          class="MuiInputAdornment-root MuiInputAdornment-disablePointerEvents MuiInputAdornment-positionEnd MuiInputAdornment-standard MuiInputAdornment-sizeSmall css-14h1qhc-MuiInputAdornment-root"
        >
          <svg
            aria-hidden="true"
            class="MuiSvgIcon-root MuiSvgIcon-fontSizeMedium css-1umw9bq-MuiSvgIcon-root"
            data-testid="ExpandMoreOutlinedIcon"
            focusable="false"
            viewBox="0 0 24 24"
          >
            <path
              d="M16.59 8.59 12 13.17 7.41 8.59 6 10l6 6 6-6z"
            />
          </svg>
        </div>
      </div>
    </div>
  </div>
  <div
    class="MuiStack-root css-95obwo-MuiStack-root"
  >
    <div
      class="MuiFormControl-root css-1iw3t7y-MuiFormControl-root"
    >
      <div
        class="MuiFormControl-root MuiTextField-root css-1d3ywcm-MuiFormControl-root-MuiTextField-root"
      >
        <div
          class="MuiInputBase-root MuiOutlinedInput-root MuiInputBase-colorPrimary MuiInputBase-formControl MuiInputBase-sizeSmall css-quhxjy-MuiInputBase-root-MuiOutlinedInput-root"
        >
          <input
            aria-invalid="false"
            class="MuiInputBase-input MuiOutlinedInput-input MuiInputBase-inputSizeSmall css-1pzfmz2-MuiInputBase-input-MuiOutlinedInput-input"
            id="email"
            placeholder="Email"
            type="text"
            value=""
          />
          <fieldset
            aria-hidden="true"
            class="MuiOutlinedInput-notchedOutline css-1ll44ll-MuiOutlinedInput-notchedOutline"
          >
            <legend
              class="css-w4cd9x"
            >
              <span
                class="notranslate"
              >
                ​
              </span>
            </legend>
          </fieldset>
        </div>
      </div>
    </div>
    <button
      class="MuiButtonBase-root MuiButton-root MuiButton-contained MuiButton-containedPrimary MuiButton-sizeMedium MuiButton-containedSizeMedium MuiButton-colorPrimary Mui-disabled MuiButton-root MuiButton-contained MuiButton-containedPrimary MuiButton-sizeMedium MuiButton-containedSizeMedium MuiButton-colorPrimary css-14265tm-MuiButtonBase-root-MuiButton-root"
      disabled=""
      tabindex="-1"
      type="button"
    >
      <span
        class="MuiButton-icon MuiButton-startIcon MuiButton-iconSizeMedium css-1jsm74t-MuiButton-startIcon"
      >
        <svg
          aria-hidden="true"
          class="MuiSvgIcon-root MuiSvgIcon-fontSizeMedium css-1umw9bq-MuiSvgIcon-root"
          data-testid="EmailOutlinedIcon"
          focusable="false"
          viewBox="0 0 24 24"
        >
          <path
            d="M22 6c0-1.1-.9-2-2-2H4c-1.1 0-2 .9-2 2v12c0 1.1.9 2 2 2h16c1.1 0 2-.9 2-2zm-2 0-8 5-8-5zm0 12H4V8l8 5 8-5z"
          />
        </svg>
      </span>
      Continue with email
    </button>
  </div>
</DocumentFragment>
`;
